ok - fm-brief: scaffolds leave the worker role scope to the launch boundary and keep the secondmate contract
ok - fm-brief.sh: bash -n succeeds
/private/var/folders/3m/025g2l697z5gxqyzmlnt2w140000gn/T/fm-brief.JFJTQr/heredoc-in-substitution.sh:2
ok - fm-brief.sh: no heredoc is nested inside a command substitution (Bash 3.2 parse-safe)
ok - fm-brief.sh: --help renders the complete header
ok - fm-brief.sh: no-mistakes/direct-PR/local-only briefs generate cleanly
ok - fm-brief.sh: ship --mode is required and closed-set validated
ok - fm-brief.sh: the explicit ship mode wins over the registered posture
ok - fm-brief.sh: --yolo and scout/secondmate --mode are refused, never silently dropped
ok - fm-brief.sh: faster paths use configured authority without stacked review
ok - fm-brief.sh: no-mistakes DOD keeps its apostrophe prose and bans --yes outright
ok - fm-brief.sh: no-mistakes DOD detects a green PR from the drive call, not a status poll
ok - fm-brief.sh: PR-based done requires a non-draft PR; a deliberate draft declares a wait
ok - fm-brief.sh: no-mistakes ask-user findings use one event plus a verbatim snapshot
ok - fm-brief.sh: ship project-memory wording carries the AGENTS.md authoring bar
ok - fm-brief.sh: --herdr-lab emits the complete hard safety contract
ok - fm-brief.sh: --herdr-lab uses its quoted Firstmate-owned helper path
ok - fm-brief.sh: ship and scout scaffolds make omitted Herdr intent fail-visible
ok - fm-brief.sh: the documented {TASK} and {FIRSTMATE_SPEC} fills cannot corrupt the Herdr safety gate
ok - fm-brief.sh: Herdr lab contract covers scouts and rejects secondmate misuse
ok - fm-brief.sh: --no-projects scaffolds a project-less charter and guards misuse
ok - fm-brief.sh: marked requests avoid generic acknowledgements and preserve material reporting
ok - fm-brief.sh: relative directory inputs ignore CDPATH, render stable absolute charter paths, or fail loudly
ok - fm-brief.sh: custom pause verb renders in every scaffold
ok - fm-brief.sh: ship and scout scaffolds teach validation-round pauses
ok - fm-brief.sh: investigation and visual-review completions load the shared decision policy
ok - fm-brief: scout and secondmate code paths still scaffold well-formed briefs
ok - fm-brief.sh: scout Lavish hosting follows the bootstrap lavish-axi floor
ok - fm-brief.sh: the home brief include lands last on ship and scout, verbatim, and fails closed
ok - fm-brief.sh: --branch-prefix omitted defaults every ship mode to fm/<task-id>
ok - fm-brief.sh: a --branch-prefix override renders identically across every generated section
ok - fm-brief.sh: an empty --branch-prefix override resolves to a bare <task-id> branch
ok - fm-brief.sh: --branch-prefix is refused on scout and secondmate scaffolds
ok - fm-brief.sh: --branch-prefix value is validated against embedded spaces and a leading dash
Switched to a new branch '$(touch${IFS}/private/var/folders/3m/025g2l697z5gxqyzmlnt2w140000gn/T/fm-brief.JFJTQr/branch-prefix-shell-safe-marker)brief-branch-safe-g3'
ok - fm-brief.sh: ref-format-valid shell metacharacters stay literal in generated branch commands
ok - fm-brief.sh: every crewmate scaffold forbids administering the shared worktree pool
