ok - scout done: is not gated
ok - unpushed ship done: is refused
ok - no-mistakes pre-validation done: is not gated
ok - named head on a remote-tracking ref is accepted
ok - a moved remote branch that lacks the named head is refused
ok - a 40-hex token in the note is not the named head
ok - a recorded merged PR satisfies the gate after prune
ok - the merged-PR short-circuit applies only to the recorded PR the done line names
ok - a forge-recorded head for the named PR is accepted without a local object
ok - a direct-PR recorded head does not cover a later unpushed commit
ok - no-mistakes CI-ready done: with extra text is gated
ok - keyed and spaced ship done: lines are gated
ok - local-only linked named branch is reachable from the project clone
ok - local-only detached HEAD only in the disposable copy is refused
ok - standalone local-only done: requires the named head in the project clone
ok - non-done lines are not gated
ok - fenced and indented Captain lines are not authorized intent
all fm-dod-lib tests passed
real 8.30
user 2.49
sys 3.61
