ok - Pi extension reports external healthy watcher output
ok - Pi custom tool exposes repair-only metadata and returns automatic-continuation guidance
ok - Pi redundant tool call returns ownership guidance and spawns no second child
ok - Pi scheduled retry remains extension-owned after another tool call
ok - Pi actionable close starts one successor before wake delivery settles
ok - Pi actionable output waits for predecessor close before successor restoration
ok - Pi dispatcher branch offer owns accepted wakes and falls back to main
ok - Pi dispatcher flags a fleet-wide heartbeat offer as branch-eligible
ok - a co-present check row neither vetoes nor rides a heartbeat into main
ok - every main-only check class still reaches main, never the supervision branch
ok - a captain-held signal trigger reaches main with routine rows present
ok - an unread pending-reply escalation keeps later stale aliases on main
ok - a mixed batch of two distinct files - one routine, one needs-decision - routes wholly to main
ok - a co-present needs-decision row neither vetoes nor rides a heartbeat into main
ok - heartbeat restoration failure stays on main
ok - watcher-failure repair stays with main even with a live, accepting branch listener
ok - under the away-posture record every actionable row is offered to the branch while broken-queue wakes and watcher-failure alarms still reach main
ok - Pi refused handling handshake is classified and not swallowed
ok - Pi hung successor falls back to one typed actionable wake
ok - Pi unretired successor falls back without an overlapping retry
ok - Pi late unretired closes resume classified supervision
ok - Pi clean empty close triggers a bounded continuity retry
ok - Pi established clean closes stop at the configured retry limit
ok - Pi close handler verifies session-lock ownership before successor launch
ok - Pi watcher arm distinguishes all session lock ownership states
ok - Pi session transitions auto-arm through a generation owner across /new /resume /fork/reload, stale callbacks, and quit
ok - Pi session replacement auto-arms and carries its in-flight actionable close
ok - Pi replacement replays a streaming follow-up before consumption
ok - Pi streaming-time wake delivery keeps the successor chain and replays only unconsumed wakes
ok - Pi retries a verified successor that failed during wake delivery once that delivery settles
ok - Pi replacement receives actionable closes after retirement timeout
ok - Pi replacement handoff tokens stay unique across fresh modules
ok - Pi replacement persistence failure keeps its predecessor until a successor commits
ok - Pi process-exit cleanup listener remains singular across session replacement
ok - Pi process-exit cleanup stops the attached arm child
ok - OpenCode plugins have an explicit ESM boundary even under a typeless parent package
ok - OpenCode watcher plugin uses the effective FM_HOME state
ok - OpenCode watcher plugin sources the effective config
ok - OpenCode watcher plugin requires session lock ownership
ok - OpenCode watcher coordinator respects primary scope
ok - OpenCode watcher plugin starts one successor before wake prompt delivery settles
ok - OpenCode watcher plugin runs the supervision host on an opted-in home and relays every host line
ok - OpenCode pre-ready actionable close preserves its successor
ok - OpenCode hung successor falls back to one typed actionable wake
ok - OpenCode unretired successor falls back without an overlapping retry
ok - OpenCode late unretired closes resume classified supervision
ok - OpenCode clean empty close triggers a bounded continuity retry
ok - OpenCode established clean closes stop at the configured retry limit
ok - OpenCode close handler verifies session-lock ownership before successor launch
ok - OpenCode watcher plugin coordinates with the turn-end guard
ok - OpenCode healthy arm output does not suppress the turn-end guard
