ok - wait deadline diagnoses and reaps a stopped test child without hanging
ok - simultaneous watcher starts leave exactly one live process
ok - fm_pid_identity real ps fallback is locale-invariant
ok - fm_pid_identity is locale-invariant across LC_ALL/LC_TIME
ok - fm_pid_identity ps fallback is terminal-width-invariant
ok - /proc process identity ignores simulated btime changes
ok - /proc process identity detects pid reuse
ok - MSYS /proc process identity regression skipped on non-Windows host
ok - killed watcher stale lock is reclaimed
tests/fm-watcher-lock.test.sh: line 1131: 58435 Killed: 9                  FM_STATE_OVERRIDE="$state" bash -c '
    . "$1"
    fm_lock_remove_path() {
      if [ "$1" = "$STATE/.watch.lock" ]; then
        kill -KILL "${BASHPID:-$$}"
      fi
      return 1
    }
    fm_lock_try_acquire "$2"
  ' _ "$LIB" "$lockdir" > /dev/null 2>&1
ok - stale watcher reclaim publishes durable recovery evidence before clear
ok - live watcher lock with stale heartbeat is actionable
ok - guard banner leads when down with pending wakes (repair-after-drain) and stays silent when live and fresh
ok - concurrent fm_lock_try_acquire yields exactly one winner
ok - dead-pid stale lock is reclaimed by a single acquirer
ok - concurrent stale-lock steal yields exactly one winner
ok - live steal mutex is not reclaimed
ok - live-held lock is not stolen
ok - empty mid-acquire lock keeps a minimum grace
ok - late original claimant cannot claim a recreated lock
ok - paused mid-acquire claimant backs off to active stealer
ok - watch restart preserves recovery without signaling a reused pid
ok - watch restart attaches to a verified healthy peer and later surfaces a successor gap
ok - watcher self-evicts when the lock pid no longer names it
ok - arm turns clean self-eviction without a successor into a typed failure
ok - arm attaches to a live fresh watcher and fails loudly when that cycle has no successor
ok - attached arm signals record a classified lifecycle entry
ok - arm starts cleanly and resurfaces recovery after a dead-pid lock
ok - arm cleans child watcher and temp output on HUP
WAKE_ACK_REQUIRED: after handling completes run bin/fm-wake-drain.sh --ack-through 1 --recovery-generation 67906.1790271114.G0d51H
WARNING: queued wakes pending - drain them with bin/fm-wake-drain.sh before anything else.
ok - arm propagates an immediate watcher wake before confirmation
ok - arm attaches to a peer watcher after child stands down and surfaces a missing successor
watcher: lock held by live pid 77211 but heartbeat is stale for 843597129s (>300s); inspect or stop that watcher before re-arming.
ok - arm reports FAILED and exits non-zero when no fresh watcher can be confirmed
ok - cycle-exit ledger links a verified successor and remains size-capped
ok - SIGSTOP distinguishes live PID from stale beacon and termination records the exit class
