ok - status_span_has_actionable: benign absorbed, captain events surfaced, classified events not re-fired
ok - an actionable event is not hidden by later routine appends, and is named as itself
ok - span classification retires closed decisions and surfaces rejected transitions for reconciliation
ok - span classification from an offset keeps closed decisions closed and live ones live
ok - a malformed seen signature causes the whole status log to be classified
ok - stale_is_terminal: terminal status surfaces, non-terminal and no-status are benign
ok - classifier primitives: keyed decisions and activity phases, captain relevance, window-to-task, and overrides
ok - crew_is_provably_working: only working+run-step/pane is provable; idle/finished/parked/failed/unknown surface
ok - status_is_paused: only the leading paused verb matches, paused is not captain-relevant, and the two declared-wait verbs stay separable
ok - crew_absorb_class: working/paused/none from one read; crew_is_paused and crew_is_provably_working agree
ok - crew_worktree_written_since: real writes are evidence; no worktree, no anchor, quiet trees, .git churn and a mate's own home are not
ok - an empty FM_WORKTREE_WRITE_PRUNE widens the probe to the whole depth-bounded tree instead of disabling it
ok - an empty FM_WORKTREE_WRITE_PRUNE exported into the environment prunes nothing, widening the probe
ok - the worktree write probe is wall-clock bounded, and hitting the bound reads as no write evidence
ok - signal_crew_provably_working: benign only when every referenced crew is provably working
ok - a secondmate's status signal is never absorbed as provably working; crewmates are unaffected
ok - a no-verb signal whose crew is provably working is absorbed (no exit, no queue, suppressor advanced, beacon present)
ok - a bare turn-end whose crew is provably working (busy pane) is absorbed
ok - a bare turn-end whose crew is not provably working is surfaced (the swallowed-finish fix)
ok - a bare turn-end from a pane that churned since the previous poll is absorbed
ok - pane churn starts a fresh stale-classification interval before a stopped render returns
ok - pane churn resets prior wedge escalation state before the stale-path poll
ok - a churning turn-end inside an already-open deferral window is absorbed without re-marking
ok - a bare turn-end from a pane unchanged since the previous poll still surfaces
ok - a bare turn-end backed by a malformed prior hash surfaces
ok - a bare turn-end backed by a newline-terminated prior hash surfaces
ok - a churning secondmate turn-end surfaces without a stale resurface path
ok - a turn-end whose marker key matches another recorded endpoint surfaces
ok - two metadata records sharing one endpoint make churn evidence ambiguous
ok - a batch may satisfy positive evidence independently per task
ok - per-task evidence composition stays off until the home opts in
ok - a status-bearing batch never falls through to pane-churn evidence
ok - pane-churn turn-end absorb is off until a home opts in
ok - a perpetually churning pane surfaces once its bounded deferral window is spent
ok - an unrecordable pane-churn deadline surfaces the turn-end
ok - an invalid pane-churn bound surfaces the turn-end
ok - an oversized pane-churn bound surfaces the turn-end
ok - invalid existing pane-churn deadlines surface without mutation
ok - a surfaced batch opens no partial pane-churn deadline
ok - a no-verb working: note whose crew is idle with no running pipeline is surfaced
ok - a secondmate's status note surfaces even while its own agent is busy
ok - a secondmate blocker wakes despite busy evidence and later unrelated appends
ok - a self-announced close never wakes its own home, and the next real note still does
ok - a close after OPEN DECISIONS fold never wakes its own home, and the next real note still does
ok - a folded worker decision with no home append still wakes
ok - separate answers over unclassified decisions wake once, and the next real note still does
ok - a close after OPEN DECISIONS fold still surfaces a worker failure inside the folded span
ok - a close after OPEN DECISIONS fold still surfaces unlisted secondmate lines inside the folded span
ok - captain-relevant signal is surfaced (queue + exit) and marked surfaced
ok - a needs-decision signal row's queued payload is marked needs-decision: for branch exclusion
ok - a reconciliation-required needs-decision row's queued payload is still marked needs-decision:
ok - a captain-held signal stays actionable while the crew is still working
ok - a pending-reply second-mate escalation is marked for main-only routing
ok - an ordinary blocked event remains branch-eligible
ok - a routine event containing a needs-decision phrase keeps its ordinary payload, unmarked
ok - a captain event hidden behind a later routine append is still surfaced (queue + exit)
ok - a keyed decision signal reads only the newly appended span, not the whole log
ok - a finished release reported before routine cleanup chatter is still surfaced
ok - a routine append after an already-classified event is absorbed (no re-wake)
ok - unreadable status reports are bounded without advancing classification
ok - permission recovery surfaces content from the unadvanced position
ok - a stale pane sitting on a terminal status is surfaced (queue + exit)
ok - a stale terminal-looking status is overridden and absorbed while a run is actively working, then wedge-escalated
ok - provably-working non-terminal stale is absorbed on first sight, then wedge-escalated past the threshold
ok - consecutive wedge escalations on the same pane accumulate and demand deep inspection at the threshold
ok - a pane becoming active again resets the consecutive wedge-escalation counter
ok - a record whose endpoint is dead or missing reports itself once and is never re-escalated
ok - a live wedged agent, an unattributable one, and an unreadable endpoint escalate unchanged
ok - the once-only gone report re-arms when the endpoint comes back, and reports a later death again
ok - a second death after a same-window relaunch reports in full without a live probe, and an unchanged dead pane stays silent
ok - a successor's byte-identical dead display reports in full, and the same incarnation still absorbs
ok - TERM stops a watcher blocked inside a poll and still runs its cleanup
ok - a busy worker below the turn-age bound remains working with no escalation
ok - a busy worker with a stable pane hash still escalates once its completed-turn age reaches the bound
ok - a busy worker whose pane hash changes every poll still escalates once its completed-turn age reaches the bound
ok - touching a busy worker's completed-turn marker resets the age and prevents an old-age escalation
ok - native progress resets busy age without a completed turn or notification
ok - repeated busy turn-age escalations reuse the existing escalation counter and demand deep inspection at the threshold
ok - the production default busy-turn-age bound is 3600s (5min under does not wedge, 66min over does)
ok - a busy pane under a declared pause is rechecked on the long cadence, and lifting the pause restores the wedge escalation
ok - away mode hands a busy declared pause to the daemon as a plain stale, and lifting the declaration restores the wedge escalation
ok - away mode wakes the daemon once per declaration for a busy pane whose footer ticks on every capture
ok - a not-provably-working non-terminal stale is surfaced immediately (never left to wait out the timer)
ok - a declared pause is absorbed on first sight, then re-surfaced as a recheck past the threshold, never wedge-escalated
ok - exited declared-pause and captain-held panes use bounded pause cadence while a live decision gate still surfaces once
ok - absorbed paused and captain-held replacements each start their own re-surface cadence
ok - a parked live worker surfaces once, absorbs pane churn for the whole re-surface window, then re-surfaces when it elapses
ok - a live paused worker stays absorbed until its declared time, then rechecks
ok - a declared wait is not wedge-escalated by a working verdict, while an elapsed declaration and an undeclared lane both keep the unchanged ladder
ok - a captain-held lane is rechecked as a hold on the captain, never as an external wait, and never at all while the captain is away
ok - a gate awaiting firstmate's decision for its own run is rechecked on the long cadence in either posture, while a crewmate-owed gate, an unrelated open decision and a runless verdict keep the unchanged ladder
ok - a parked human-owed gate is deferred only while its decision is still open, so an answered-but-unrelayed gate, an unescalated one, and one holding only a blocker all keep the unchanged ladder
ok - with config/wedge-defer-parked-gate absent a parked gate keeps the unchanged ladder, wording and reads
ok - a wait record missing a field the recheck must print, or carrying one it must not, is refused and the lane escalates exactly as it would have
ok - work under an open captain call surfaces once, absorbs pane churn, then re-surfaces when the window elapses
ok - a stale window with no open captain call keeps alarming on every new hash
ok - a wake that never reached the durable queue arms no re-surface throttle
ok - a released-then-re-held task is a distinct captain call whose first sight still alarms
ok - a declared paused secondmate re-surfaces on the bounded normal-mode cadence
ok - a captain-held secondmate re-surfaces on the bounded normal-mode cadence
ok - a non-paused secondmate retains normal stale suppression
ok - a resumed secondmate clears pause and stale tracking before stale exemption
ok - unchanged stale hashes reclassify when a crew enters or leaves pause
ok - a declared pause is periodically rechecked against authoritative active-run state
ok - a paused status overridden by authoritative working preserves its wedge timer, is rechecked rather than wedge-escalated while the declaration stands, and escalates once it is lifted
ok - matching non-terminal stale suppressors repair missing or corrupt stale-since timers
ok - a quiet pane writing its own worktree is deferred, while one writing nothing still wedge-escalates on the unchanged schedule
ok - a write deferral re-surfaces once on the bounded pause cadence, so a churning worktree cannot stay invisible
ok - a secondmate's own home supervision churn is not crew write evidence, so a pane recording that home keeps the unchanged escalation schedule
ok - an idle-window timer repair drops a finished write-deferral chain, so the next deferral gets a fresh re-surface window
ok - both first-sight paths through a captain-relevant status drop a finished write-deferral chain with the idle window
ok - triage log capping handles wc byte counts with leading spaces
ok - a captured process-event result wakes a healthy watcher proactively, with no manual drain
ok - an unacknowledged process-event result re-drains until handling is acknowledged
ok - complete process-event queue keys map to distinct seen markers
ok - process-event queue keys surface under their own headlines
ok - every launch-failure episode is delivered under the failed-to-start headline
WAKE_ACK_REQUIRED: after handling completes run bin/fm-wake-drain.sh --ack-through 1 --recovery-generation 27806.1790272365.c7tZoX
ok - queue revalidation, proactive output, and marker commit serialize with drain
/Users/muhammadzahmed/.no-mistakes/worktrees/c3eda0adcf59/01M3A773EZG0CDJKM3HQ55KGFM/bin/fm-push-transition-lib.sh: line 96: echo: write error: Broken pipe
tests/wake-helpers.sh: line 310: 34250 Killed: 9                  PATH="$dir/fakebin:$PATH" FM_HOME="$dir" FM_PROCEVENT_CLAIM_ROOT="$dir/claims" FM_CREW_STATE_BIN="$dir/fakebin/fm-crew-state.sh" FM_POLL=0.2 FM_SIGNAL_GRACE=1 FM_CHECK_INTERVAL=999999 FM_HEARTBEAT=999999 "$WATCH" > "$out"
tests/wake-helpers.sh: line 310: 36805 Killed: 9                  PATH="$dir/fakebin:$PATH" FM_HOME="$dir" FM_PROCEVENT_CLAIM_ROOT="$dir/claims" FM_CREW_STATE_BIN="$dir/fakebin/fm-crew-state.sh" FM_POLL=0.2 FM_SIGNAL_GRACE=1 FM_CHECK_INTERVAL=999999 FM_HEARTBEAT=999999 "$WATCH" > "$out"
ok - surfacing failures replay until post-handling acknowledgement
ok - marker failure exits through the shared wake owner, releases its lock, and replays later
ok - a heartbeat with no captain-relevant change is absorbed and backs off the cadence
ok - heartbeat backstop fail-safe surfaces a captain-relevant status the per-wake path missed
ok - the heartbeat backstop surfaces a captain event hidden behind a later routine append
ok - the liveness beacon stays fresh while the watcher absorbs benign wakes (fm-guard never false-alarms)
ok - an afk signal records its captured heartbeat endpoint
ok - with .afk present the watcher reverts to one-shot so the daemon owns triage (no double-triage)
ok - AFK changed paused panes hand off plain stale identities for daemon-owned pause triage
ok - a captain-held item is never rechecked while the away-posture record exists, and the recheck returns once the record is archived
ok - a live captain-held pane is absorbed on first sight while the away-posture record exists
ok - a delivery the captain already holds is never rechecked while the away-posture record exists
ok - the daemon-owned one-shot never hands off a captain-held pane while the away-posture record exists
ok - a declared wait naming a near-future until time stays quiet until that time
ok - a wrong-year declared time cannot silence the watcher beyond the recheck cadence
ok - a declared wait whose until time has passed is rechecked at once, then held to the cadence
