ok - fm-harness.sh: ancestry detects a natively-named agy command
ok - fm-harness.sh: ancestry rejects unrelated agy mentions
ok - fm-harness.sh: no inherited launcher marker claims the agy identity
ok - fm-control-lib: agy mechanics are Escape once, no clear key, and /quit
ok - fm-busy-lib: only the pinned esc-to-cancel row carries the agy busy verdict
ok - fm-composer-lib: agy delivery signatures never cross harnesses
ok - fm-composer-lib: only native-idle agy with an empty bare row is writable
ok - fm-busy-lib: agy classifies busy on its marker and unknown without it
ok - bin/fm-agent-process-lib.sh: agy is an agent, fragments are not
ok - herdr exit detection: done with a live registry and an agy process view stays live and refuses replacement
ok - herdr exit detection: a registered status over a shell-only pane is stale-agent and still refuses closing
ok - herdr exit detection: a registered pane with an agy foreground stays live however its shell ranks
ok - herdr exit detection: only a positively unregistered pane is agent-free
ok - herdr exit detection: malformed and failed reads stay unknown
ok - fm-spawn: agy launch carries brief, model, effort, and autonomy with cleared markers
ok - fm-spawn: agy omits xhigh from the launch but records it in task metadata
ok - fm-spawn: an unlisted agy model refuses before pane creation
ok - fm-spawn: an unreachable agy listing establishes nothing and launches
ok - fm-spawn: a hung agy listing is cut off by the shared bound and launches unvalidated
ok - fm-spawn: a zero FM_AGY_MODELS_TIMEOUT is clamped to the default bound
ok - fm-agy-trust.sh: registers the logical and resolved worktree paths and preserves the store
ok - fm-agy-trust.sh: creates agy's settings store when none exists
ok - fm-agy-trust.sh: refuses every out-of-scope path and never rewrites a broken store
ok - fm-spawn: agy pre-registers the worktree and launches straight into a busy turn
ok - fm-spawn: agy answers a dialog that renders anyway exactly once, then confirms busy
ok - fm-spawn: on an unregistered path a premature busy verdict waits for the dialog to be answered
ok - fm-spawn: a busy verdict on an unregistered path without a dialog fails and closes the endpoint
ok - fm-spawn: an agy dialog that never turns busy fails the spawn and closes the endpoint
ok - fm-spawn: a missing agy executable refuses before pane creation
ok - fm-spawn: agy cannot be launched as a secondmate
ok - fm-spawn: agy arms no busy wiring and writes no sidecar
